// Jest Snapshot v1, https://goo.gl/fbAQLP

exports[`Testing GifGrid component should render <GifGrid /> properly 1`] = `
<Fragment>
  <h3
    className="animate__animated animate__fadeIn"
  >
    Death Note
  </h3>
  <p
    className="animate__animated animate__flash"
  >
    Loading
  </p>
  <div
    className="card-grid"
  />
</Fragment>
`;
